// Vitest Snapshot v1, https://vitest.dev/guide/snapshot.html

exports[`treeSelector > should render the prompt 1`] = `""`;
